MO cu NULL cu.v vlg64/cu.bin 1462897160
MO pc NULL pc.v vlg13/pc.bin 1462897160
MO top NULL top.v vlg6F/top.bin 1462897160
MO memory NULL ipcore_dir/memory.v vlg69/memory.bin 1462897160
MO reg_file NULL regfile.v vlg69/reg__file.bin 1462897160
MO sign_extend NULL sign_extend.v vlg68/sign__extend.bin 1462897160
MO alu NULL alu.v vlg0A/alu.bin 1462897160
